src/components/Calendar.tsx(4,26): error TS2307: Cannot find module '../../context/ThemeContext' or its corresponding type declarations.
src/components/CustomModal.tsx(4,26): error TS2307: Cannot find module '../../context/ThemeContext' or its corresponding type declarations.
