--- Testing Signup ---
Signup: 400 { error: 'Phone number already registered' }

--- Testing Signin ---
Signin: 200 Token received with Admin role

--- Testing Add Supervisor ---
Add Supervisor: 400 { error: 'Phone number already registered' }

--- Testing Supervisor Signin ---
Supervisor Signin: 200 Token received with Supervisor role

--- Testing Add Labour ---
Add Labour: 201 {
  id: 2,
  name: 'Labour 1',
  phone: '1234567890',
  aadhaar: '123412341234',
  site: 'Site A',
  rate: 15.5,
  notes: null,
  trade: 'Carpenter',
  created_at: '2026-02-07 18:19:23'
}

--- Testing List Labours ---
List Labours: 200 Count: 2

--- Testing Dashboard Stats ---
Stats: 200 { workers: 2, jobs: 2, attendance: 0, approvals: 1 }
